============================= test session starts =============================
platform win32 -- Python 3.14.3, pytest-9.0.3, pluggy-1.6.0 -- C:\Users\zhang\AppData\Local\Python\pythoncore-3.14-64\python.exe
cachedir: .pytest_cache
rootdir: c:\Users\zhang\.codebuddy\KAGAMI_REVIEW_TOOL
configfile: pyproject.toml
plugins: anyio-4.12.1
collecting ... collected 75 items

tests/test_boolean_filter.py::test_normalize_basic PASSED                [  1%]
tests/test_boolean_filter.py::test_normalize_strips_punctuation PASSED   [  2%]
tests/test_boolean_filter.py::test_normalize_collapses_spaces PASSED     [  4%]
tests/test_boolean_filter.py::test_normalize_empty PASSED                [  5%]
tests/test_boolean_filter.py::test_normalize_mixed PASSED                [  6%]
tests/test_boolean_filter.py::test_match_term_single_word PASSED         [  8%]
tests/test_boolean_filter.py::test_match_term_plural PASSED              [  9%]
tests/test_boolean_filter.py::test_match_term_plural_es PASSED           [ 10%]
tests/test_boolean_filter.py::test_match_term_phrase PASSED              [ 12%]
tests/test_boolean_filter.py::test_match_term_no_match PASSED            [ 13%]
tests/test_boolean_filter.py::test_match_term_case_insensitive PASSED    [ 14%]
tests/test_boolean_filter.py::test_match_term_word_boundary PASSED       [ 16%]
tests/test_boolean_filter.py::test_match_group_any_match PASSED          [ 17%]
tests/test_boolean_filter.py::test_match_group_none_match PASSED         [ 18%]
tests/test_boolean_filter.py::test_match_group_empty PASSED              [ 20%]
tests/test_boolean_filter.py::test_boolean_filter_no_groups PASSED       [ 21%]
tests/test_boolean_filter.py::test_boolean_filter_single_group PASSED    [ 22%]
tests/test_boolean_filter.py::test_boolean_filter_and_groups PASSED      [ 24%]
tests/test_boolean_filter.py::test_boolean_filter_three_groups PASSED    [ 25%]
tests/test_boolean_filter.py::test_boolean_filter_phrase_match PASSED    [ 26%]
tests/test_boolean_filter.py::test_boolean_filter_all_filtered_out PASSED [ 28%]
tests/test_boolean_filter.py::test_boolean_filter_title_and_abstract_combined PASSED [ 29%]
tests/test_boolean_filter.py::test_expanded_keywords_to_groups PASSED    [ 30%]
tests/test_boolean_filter.py::test_expanded_keywords_to_groups_dedup PASSED [ 32%]
tests/test_boolean_filter.py::test_groups_to_broad_query PASSED          [ 33%]
tests/test_boolean_filter.py::test_groups_to_broad_query_empty PASSED    [ 34%]
tests/test_boolean_filter.py::test_keyword_groups_end_to_end PASSED      [ 36%]
tests/test_chunker.py::TestChunkPapers::test_single_chunk PASSED         [ 37%]
tests/test_chunker.py::TestChunkPapers::test_multiple_chunks_by_paper_count PASSED [ 38%]
tests/test_chunker.py::TestChunkPapers::test_multiple_chunks_by_token_limit PASSED [ 40%]
tests/test_chunker.py::TestChunkPapers::test_empty_input PASSED          [ 41%]
tests/test_chunker.py::TestChunkPapers::test_single_paper PASSED         [ 42%]
tests/test_chunker.py::TestChunkPapers::test_all_papers_in_chunks PASSED [ 44%]
tests/test_dedup.py::TestNormalizeTitle::test_lowercase PASSED           [ 45%]
tests/test_dedup.py::TestNormalizeTitle::test_remove_punctuation PASSED  [ 46%]
tests/test_dedup.py::TestNormalizeTitle::test_normalize_whitespace PASSED [ 48%]
tests/test_dedup.py::TestNormalizeTitle::test_empty_string PASSED        [ 49%]
tests/test_dedup.py::TestDeduplicatePapers::test_dedup_by_doi PASSED     [ 50%]
tests/test_dedup.py::TestDeduplicatePapers::test_dedup_by_title_similarity PASSED [ 52%]
tests/test_dedup.py::TestDeduplicatePapers::test_different_papers PASSED [ 53%]
tests/test_dedup.py::TestDeduplicatePapers::test_doi_case_insensitive PASSED [ 54%]
tests/test_dedup.py::TestDeduplicatePapers::test_no_doi_dedup_by_title PASSED [ 56%]
tests/test_dedup.py::TestDeduplicatePapers::test_empty_list PASSED       [ 57%]
tests/test_numbering.py::TestAssignPaperIds::test_default_prefix PASSED  [ 58%]
tests/test_numbering.py::TestAssignPaperIds::test_custom_prefix PASSED   [ 60%]
tests/test_numbering.py::TestAssignPaperIds::test_empty_list PASSED      [ 61%]
tests/test_numbering.py::TestAssignPaperIds::test_modifies_in_place PASSED [ 62%]
tests/test_numbering.py::TestPapersToNumberedText::test_basic_format PASSED [ 64%]
tests/test_numbering.py::TestPapersToNumberedText::test_unknown_fields PASSED [ 65%]
tests/test_numbering.py::TestPapersToNumberedText::test_multiple_papers PASSED [ 66%]
tests/test_numbering.py::TestFilterPapersWithAbstracts::test_filter_with_abstracts PASSED [ 68%]
tests/test_numbering.py::TestFilterPapersWithAbstracts::test_all_have_abstracts PASSED [ 69%]
tests/test_numbering.py::TestFilterPapersWithAbstracts::test_none_have_abstracts PASSED [ 70%]
tests/test_ris_parser.py::TestSafeYear::test_integer_year PASSED         [ 72%]
tests/test_ris_parser.py::TestSafeYear::test_string_year PASSED          [ 73%]
tests/test_ris_parser.py::TestSafeYear::test_date_string PASSED          [ 74%]
tests/test_ris_parser.py::TestSafeYear::test_none PASSED                 [ 76%]
tests/test_ris_parser.py::TestSafeYear::test_empty_string PASSED         [ 77%]
tests/test_ris_parser.py::TestSafeYear::test_invalid_string PASSED       [ 78%]
tests/test_ris_parser.py::TestRISParser::test_parse_basic_ris PASSED     [ 80%]
tests/test_ris_parser.py::TestRISParser::test_parse_multiple_entries PASSED [ 81%]
tests/test_ris_parser.py::TestRISParser::test_skip_entries_without_title PASSED [ 82%]
tests/test_ris_parser.py::TestRISParser::test_empty_file PASSED          [ 84%]
tests/test_validator.py::TestCollectEvidenceIds::test_simple_structure PASSED [ 85%]
tests/test_validator.py::TestCollectEvidenceIds::test_nested_structure PASSED [ 86%]
tests/test_validator.py::TestCollectEvidenceIds::test_empty_structure PASSED [ 88%]
tests/test_validator.py::TestCheckCoverage::test_full_coverage PASSED    [ 89%]
tests/test_validator.py::TestCheckCoverage::test_partial_coverage PASSED [ 90%]
tests/test_validator.py::TestCheckCoverage::test_invalid_ids PASSED      [ 92%]
tests/test_validator.py::TestCheckCoverage::test_empty_papers PASSED     [ 93%]
tests/test_validator.py::TestGetMissingPapers::test_get_missing PASSED   [ 94%]
tests/test_validator.py::TestValidateChunkResult::test_valid_result PASSED [ 96%]
tests/test_validator.py::TestValidateChunkResult::test_invalid_ids PASSED [ 97%]
tests/test_validator.py::TestValidateSynthesis::test_valid_synthesis PASSED [ 98%]
tests/test_validator.py::TestValidateSynthesis::test_synthesis_with_invalid_ids PASSED [100%]

============================= 75 passed in 0.41s ==============================
